Nothing to build in platform 'fndControl'

14:30:50 **** Incremental Build of configuration Debug for project fndControll ****
make all 
'Building file: ../src/helloworld.c'
'Invoking: MicroBlaze gcc compiler'
mb-gcc -Wall -O0 -g3 -c -fmessage-length=0 -MT"src/helloworld.o" -ID:/FPGA_RISC/vitastest/20240621_MicroBlaze_fnd/vitis/fndControl/export/fndControl/sw/fndControl/standalone_microblaze_0/bspinclude/include -mlittle-endian -mcpu=v11.0 -mxl-soft-mul -Wl,--no-relax -ffunction-sections -fdata-sections -MMD -MP -MF"src/helloworld.d" -MT"src/helloworld.o" -o "src/helloworld.o" "../src/helloworld.c"
'Finished building: ../src/helloworld.c'
' '
'Building target: fndControll.elf'
'Invoking: MicroBlaze gcc linker'
mb-gcc -Wl,-T -Wl,../src/lscript.ld -LD:/FPGA_RISC/vitastest/20240621_MicroBlaze_fnd/vitis/fndControl/export/fndControl/sw/fndControl/standalone_microblaze_0/bsplib/lib -mlittle-endian -mcpu=v11.0 -mxl-soft-mul -Wl,--no-relax -Wl,--gc-sections -o "fndControll.elf"  ./src/helloworld.o ./src/platform.o   -Wl,--start-group,-lxil,-lgcc,-lc,--end-group
'Finished building target: fndControll.elf'
' '
'Invoking: MicroBlaze Print Size'
mb-size fndControll.elf  |tee "fndControll.elf.size"
   text	   data	    bss	    dec	    hex	filename
   2836	    324	   3112	   6272	   1880	fndControll.elf
'Finished building: fndControll.elf.size'
' '
