Nothing to build in platform 'finalfinalintc'

13:48:57 **** Incremental Build of configuration Debug for project btnIntc ****
make all 
'Building file: ../src/helloworld.c'
'Invoking: MicroBlaze gcc compiler'
mb-gcc -Wall -O0 -g3 -c -fmessage-length=0 -MT"src/helloworld.o" -ID:/FPGA_RISC/vitastest/20240624_interrupt/vitis/finalfinalintc/export/finalfinalintc/sw/finalfinalintc/standalone_microblaze_0/bspinclude/include -mlittle-endian -mcpu=v11.0 -mxl-soft-mul -Wl,--no-relax -ffunction-sections -fdata-sections -MMD -MP -MF"src/helloworld.d" -MT"src/helloworld.o" -o "src/helloworld.o" "../src/helloworld.c"
'Finished building: ../src/helloworld.c'
' '
'Building target: btnIntc.elf'
'Invoking: MicroBlaze gcc linker'
mb-gcc -Wl,-T -Wl,../src/lscript.ld -LD:/FPGA_RISC/vitastest/20240624_interrupt/vitis/finalfinalintc/export/finalfinalintc/sw/finalfinalintc/standalone_microblaze_0/bsplib/lib -mlittle-endian -mcpu=v11.0 -mxl-soft-mul -Wl,--no-relax -Wl,--gc-sections -o "btnIntc.elf"  ./src/helloworld.o ./src/platform.o   -Wl,--start-group,-lxil,-lgcc,-lc,--end-group
'Finished building target: btnIntc.elf'
' '
'Invoking: MicroBlaze Print Size'
mb-size btnIntc.elf  |tee "btnIntc.elf.size"
   text	   data	    bss	    dec	    hex	filename
  10152	    344	   3288	  13784	   35d8	btnIntc.elf
'Finished building: btnIntc.elf.size'
' '
