17:59:58 **** Incremental Build of configuration Debug for project buttton ****
make all 
'Building file: ../src/helloworld.c'
'Invoking: MicroBlaze gcc compiler'
mb-gcc -Wall -O0 -g3 -c -fmessage-length=0 -MT"src/helloworld.o" -ID:/FPGA_RISC/vitis_gpio_led/button_design_wrapper/export/button_design_wrapper/sw/button_design_wrapper/standalone_microblaze_0/bspinclude/include -mlittle-endian -mcpu=v11.0 -mxl-soft-mul -Wl,--no-relax -ffunction-sections -fdata-sections -MMD -MP -MF"src/helloworld.d" -MT"src/helloworld.o" -o "src/helloworld.o" "../src/helloworld.c"
'Finished building: ../src/helloworld.c'
' '
'Building target: buttton.elf'
'Invoking: MicroBlaze gcc linker'
mb-gcc -Wl,-T -Wl,../src/lscript.ld -LD:/FPGA_RISC/vitis_gpio_led/button_design_wrapper/export/button_design_wrapper/sw/button_design_wrapper/standalone_microblaze_0/bsplib/lib -mlittle-endian -mcpu=v11.0 -mxl-soft-mul -Wl,--no-relax -Wl,--gc-sections -o "buttton.elf"  ./src/helloworld.o ./src/platform.o   -Wl,--start-group,-lxil,-lgcc,-lc,--end-group
'Finished building target: buttton.elf'
' '
'Invoking: MicroBlaze Print Size'
mb-size buttton.elf  |tee "buttton.elf.size"
   text	   data	    bss	    dec	    hex	filename
   2104	    272	   3104	   5480	   1568	buttton.elf
'Finished building: buttton.elf.size'
' '

17:59:59 Build Finished (took 534ms)

